node.exe :  ÔÜá Warning: Next.js inferred your 
workspace root, but it may not be correct.
Au caractère C:\Program Files\nodejs\npx.ps1:29 
: 3
+   & $NODE_EXE $NPX_CLI_JS $args
+   ~~~~~~~~~~~~~~~~~~~~~~~~~~~~~
    + CategoryInfo          : NotSpecified: ( ÔÜ 
   á Warning: N...not be correct.:String) [], R  
  emoteException
    + FullyQualifiedErrorId : NativeCommandError
 
 We detected multiple lockfiles and selected the 
directory of 
C:\Users\nasse\OneDrive\Bureau\package-lock.json 
as the root directory.
 To silence this warning, set `turbopack.root` 
in your Next.js config, or consider removing one 
of the lockfiles if it's not needed.
   See https://nextjs.org/docs/app/api-reference/
config/next-config-js/turbopack#root-directory 
for more information.
 Detected additional lockfiles: 
   * C:\Users\nasse\OneDrive\Bureau\Stockcare\fro
ntend\package-lock.json

   Ôû▓ Next.js 16.0.3 (Turbopack)

   Creating an optimized production build ...
 Ô£ô Compiled successfully in 5.3s
   Running TypeScript ...
Failed to compile.

./src/components/stock/AddStockDialog.tsx:49:9
Type error: Type 'Resolver<{ lotNumber: string; 
quantity: unknown; expiryDate: string; 
locationId?: unknown; reason?: string | 
undefined; }, any, { lotNumber: string; 
quantity: number; expiryDate: string; 
locationId?: number | undefined; reason?: string 
| undefined; }>' is not assignable to type 
'Resolver<{ lotNumber: string; quantity: number; 
expiryDate: string; locationId?: number | 
undefined; reason?: string | undefined; }, any, 
{ lotNumber: string; quantity: number; 
expiryDate: string; locationId?: number | 
undefined; reason?: string | undefined; }>'.
  Types of parameters 'options' and 'options' 
are incompatible.
    Type 'ResolverOptions<{ lotNumber: string; 
quantity: number; expiryDate: string; 
locationId?: number | undefined; reason?: string 
| undefined; }>' is not assignable to type 
'ResolverOptions<{ lotNumber: string; quantity: 
unknown; expiryDate: string; locationId?: 
unknown; reason?: string | undefined; }>'.
      Type 'unknown' is not assignable to type 
'number'.

[0m [90m 47 |[39m
 [90m 48 |[39m     [36mconst[39m form 
[33m=[39m useForm[33m<[39m[33mz[39m[33m.[
39minfer[33m<[39m[36mtypeof[39m 
formSchema[33m>>[39m({
[31m[1m>[22m[39m[90m 49 |[39m         
resolver[33m:[39m 
zodResolver(formSchema)[33m,[39m
 [90m    |[39m         [31m[1m^[22m[39m
 [90m 50 |[39m         
defaultValues[33m:[39m {
 [90m 51 |[39m             
lotNumber[33m:[39m [32m""[39m[33m,[39m
 [90m 52 |[39m             quantity[33m:[39m 
[35m1[39m[33m,[39m[0m
Next.js build worker exited with code: 1 and 
signal: null
